  Determining projects to restore...
  All projects are up-to-date for restore.
C:\Users\ahmed\source\repos\DafterProApi\StoreManagement\StoreManagement.Shared\Entities\Sales\Invoice.cs(105,20): warning CS0108: 'Invoice.RowVersion' hides inherited member 'BaseEntity.RowVersion'. Use the new keyword if hiding was intended. [C:\Users\ahmed\source\repos\DafterProApi\StoreManagement\StoreManagement.Shared\StoreManagement.Shared.csproj]
C:\Users\ahmed\source\repos\DafterProApi\StoreManagement\StoreManagement.Shared\Entities\Finance\CashTransaction.cs(46,20): warning CS0108: 'CashTransaction.RowVersion' hides inherited member 'BaseEntity.RowVersion'. Use the new keyword if hiding was intended. [C:\Users\ahmed\source\repos\DafterProApi\StoreManagement\StoreManagement.Shared\StoreManagement.Shared.csproj]
C:\Users\ahmed\source\repos\DafterProApi\StoreManagement\StoreManagement.Shared\Entities\Finance\CustomerReceipt.cs(38,20): warning CS0108: 'CustomerReceipt.RowVersion' hides inherited member 'BaseEntity.RowVersion'. Use the new keyword if hiding was intended. [C:\Users\ahmed\source\repos\DafterProApi\StoreManagement\StoreManagement.Shared\StoreManagement.Shared.csproj]
C:\Users\ahmed\source\repos\DafterProApi\StoreManagement\StoreManagement.Shared\Entities\Finance\SupplierPayment.cs(38,20): warning CS0108: 'SupplierPayment.RowVersion' hides inherited member 'BaseEntity.RowVersion'. Use the new keyword if hiding was intended. [C:\Users\ahmed\source\repos\DafterProApi\StoreManagement\StoreManagement.Shared\StoreManagement.Shared.csproj]
  StoreManagement.Shared -> C:\Users\ahmed\source\repos\DafterProApi\StoreManagement\StoreManagement.Shared\bin\Debug\net10.0\StoreManagement.Shared.dll
C:\Users\ahmed\source\repos\DafterProApi\StoreManagement\StoreManagement.Data\Migrations\20260318232240_edit.cs(9,26): warning CS8981: The type name 'edit' only contains lower-cased ascii characters. Such names may become reserved for the language. [C:\Users\ahmed\source\repos\DafterProApi\StoreManagement\StoreManagement.Data\StoreManagement.Data.csproj]
C:\Users\ahmed\source\repos\DafterProApi\StoreManagement\StoreManagement.Data\Migrations\20260318232240_edit.Designer.cs(16,19): warning CS8981: The type name 'edit' only contains lower-cased ascii characters. Such names may become reserved for the language. [C:\Users\ahmed\source\repos\DafterProApi\StoreManagement\StoreManagement.Data\StoreManagement.Data.csproj]
C:\Users\ahmed\source\repos\DafterProApi\StoreManagement\StoreManagement.Data\Migrations\20260403065013_editinvoce.cs(9,26): warning CS8981: The type name 'editinvoce' only contains lower-cased ascii characters. Such names may become reserved for the language. [C:\Users\ahmed\source\repos\DafterProApi\StoreManagement\StoreManagement.Data\StoreManagement.Data.csproj]
C:\Users\ahmed\source\repos\DafterProApi\StoreManagement\StoreManagement.Data\Migrations\20260403065013_editinvoce.Designer.cs(16,19): warning CS8981: The type name 'editinvoce' only contains lower-cased ascii characters. Such names may become reserved for the language. [C:\Users\ahmed\source\repos\DafterProApi\StoreManagement\StoreManagement.Data\StoreManagement.Data.csproj]
  StoreManagement.Data -> C:\Users\ahmed\source\repos\DafterProApi\StoreManagement\StoreManagement.Data\bin\Debug\net10.0\StoreManagement.Data.dll
C:\Users\ahmed\source\repos\DafterProApi\StoreManagement\StoreManagement.Infrastructure\Services\FinanceService.cs(96,32): warning CS8602: Dereference of a possibly null reference. [C:\Users\ahmed\source\repos\DafterProApi\StoreManagement\StoreManagement.Infrastructure\StoreManagement.Infrastructure.csproj]
C:\Users\ahmed\source\repos\DafterProApi\StoreManagement\StoreManagement.Infrastructure\Services\FinanceService.cs(102,32): warning CS8602: Dereference of a possibly null reference. [C:\Users\ahmed\source\repos\DafterProApi\StoreManagement\StoreManagement.Infrastructure\StoreManagement.Infrastructure.csproj]
C:\Users\ahmed\source\repos\DafterProApi\StoreManagement\StoreManagement.Infrastructure\Services\FinanceService.cs(107,32): warning CS8602: Dereference of a possibly null reference. [C:\Users\ahmed\source\repos\DafterProApi\StoreManagement\StoreManagement.Infrastructure\StoreManagement.Infrastructure.csproj]
C:\Users\ahmed\source\repos\DafterProApi\StoreManagement\StoreManagement.Infrastructure\Services\FinanceService.cs(193,32): warning CS8602: Dereference of a possibly null reference. [C:\Users\ahmed\source\repos\DafterProApi\StoreManagement\StoreManagement.Infrastructure\StoreManagement.Infrastructure.csproj]
C:\Users\ahmed\source\repos\DafterProApi\StoreManagement\StoreManagement.Infrastructure\Services\FinanceService.cs(199,32): warning CS8602: Dereference of a possibly null reference. [C:\Users\ahmed\source\repos\DafterProApi\StoreManagement\StoreManagement.Infrastructure\StoreManagement.Infrastructure.csproj]
C:\Users\ahmed\source\repos\DafterProApi\StoreManagement\StoreManagement.Infrastructure\Services\FinanceService.cs(204,32): warning CS8602: Dereference of a possibly null reference. [C:\Users\ahmed\source\repos\DafterProApi\StoreManagement\StoreManagement.Infrastructure\StoreManagement.Infrastructure.csproj]
C:\Users\ahmed\source\repos\DafterProApi\StoreManagement\StoreManagement.Infrastructure\Services\FinanceService.cs(326,32): warning CS8602: Dereference of a possibly null reference. [C:\Users\ahmed\source\repos\DafterProApi\StoreManagement\StoreManagement.Infrastructure\StoreManagement.Infrastructure.csproj]
C:\Users\ahmed\source\repos\DafterProApi\StoreManagement\StoreManagement.Infrastructure\Services\FinanceService.cs(330,32): warning CS8602: Dereference of a possibly null reference. [C:\Users\ahmed\source\repos\DafterProApi\StoreManagement\StoreManagement.Infrastructure\StoreManagement.Infrastructure.csproj]
C:\Users\ahmed\source\repos\DafterProApi\StoreManagement\StoreManagement.Infrastructure\Services\FinanceService.cs(335,32): warning CS8602: Dereference of a possibly null reference. [C:\Users\ahmed\source\repos\DafterProApi\StoreManagement\StoreManagement.Infrastructure\StoreManagement.Infrastructure.csproj]
C:\Users\ahmed\source\repos\DafterProApi\StoreManagement\StoreManagement.Infrastructure\Services\FinanceService.cs(398,32): warning CS8602: Dereference of a possibly null reference. [C:\Users\ahmed\source\repos\DafterProApi\StoreManagement\StoreManagement.Infrastructure\StoreManagement.Infrastructure.csproj]
C:\Users\ahmed\source\repos\DafterProApi\StoreManagement\StoreManagement.Infrastructure\Services\FinanceService.cs(402,32): warning CS8602: Dereference of a possibly null reference. [C:\Users\ahmed\source\repos\DafterProApi\StoreManagement\StoreManagement.Infrastructure\StoreManagement.Infrastructure.csproj]
C:\Users\ahmed\source\repos\DafterProApi\StoreManagement\StoreManagement.Infrastructure\Services\FinanceService.cs(407,32): warning CS8602: Dereference of a possibly null reference. [C:\Users\ahmed\source\repos\DafterProApi\StoreManagement\StoreManagement.Infrastructure\StoreManagement.Infrastructure.csproj]
C:\Users\ahmed\source\repos\DafterProApi\StoreManagement\StoreManagement.Infrastructure\Services\FinanceService.cs(474,32): warning CS8602: Dereference of a possibly null reference. [C:\Users\ahmed\source\repos\DafterProApi\StoreManagement\StoreManagement.Infrastructure\StoreManagement.Infrastructure.csproj]
C:\Users\ahmed\source\repos\DafterProApi\StoreManagement\StoreManagement.Infrastructure\Services\FinanceService.cs(480,32): warning CS8602: Dereference of a possibly null reference. [C:\Users\ahmed\source\repos\DafterProApi\StoreManagement\StoreManagement.Infrastructure\StoreManagement.Infrastructure.csproj]
C:\Users\ahmed\source\repos\DafterProApi\StoreManagement\StoreManagement.Infrastructure\Services\FinanceService.cs(485,32): warning CS8602: Dereference of a possibly null reference. [C:\Users\ahmed\source\repos\DafterProApi\StoreManagement\StoreManagement.Infrastructure\StoreManagement.Infrastructure.csproj]
C:\Users\ahmed\source\repos\DafterProApi\StoreManagement\StoreManagement.Infrastructure\Services\FinanceService.cs(567,32): warning CS8602: Dereference of a possibly null reference. [C:\Users\ahmed\source\repos\DafterProApi\StoreManagement\StoreManagement.Infrastructure\StoreManagement.Infrastructure.csproj]
C:\Users\ahmed\source\repos\DafterProApi\StoreManagement\StoreManagement.Infrastructure\Services\FinanceService.cs(573,32): warning CS8602: Dereference of a possibly null reference. [C:\Users\ahmed\source\repos\DafterProApi\StoreManagement\StoreManagement.Infrastructure\StoreManagement.Infrastructure.csproj]
C:\Users\ahmed\source\repos\DafterProApi\StoreManagement\StoreManagement.Infrastructure\Services\FinanceService.cs(578,32): warning CS8602: Dereference of a possibly null reference. [C:\Users\ahmed\source\repos\DafterProApi\StoreManagement\StoreManagement.Infrastructure\StoreManagement.Infrastructure.csproj]
C:\Users\ahmed\source\repos\DafterProApi\StoreManagement\StoreManagement.Infrastructure\Services\FinanceService.cs(762,32): warning CS8602: Dereference of a possibly null reference. [C:\Users\ahmed\source\repos\DafterProApi\StoreManagement\StoreManagement.Infrastructure\StoreManagement.Infrastructure.csproj]
C:\Users\ahmed\source\repos\DafterProApi\StoreManagement\StoreManagement.Infrastructure\Services\FinanceService.cs(766,32): warning CS8602: Dereference of a possibly null reference. [C:\Users\ahmed\source\repos\DafterProApi\StoreManagement\StoreManagement.Infrastructure\StoreManagement.Infrastructure.csproj]
C:\Users\ahmed\source\repos\DafterProApi\StoreManagement\StoreManagement.Infrastructure\Services\FinanceService.cs(771,32): warning CS8602: Dereference of a possibly null reference. [C:\Users\ahmed\source\repos\DafterProApi\StoreManagement\StoreManagement.Infrastructure\StoreManagement.Infrastructure.csproj]
  StoreManagement.Infrastructure -> C:\Users\ahmed\source\repos\DafterProApi\StoreManagement\StoreManagement.Infrastructure\bin\Debug\net10.0\StoreManagement.Infrastructure.dll

Build succeeded.

C:\Users\ahmed\source\repos\DafterProApi\StoreManagement\StoreManagement.Shared\Entities\Sales\Invoice.cs(105,20): warning CS0108: 'Invoice.RowVersion' hides inherited member 'BaseEntity.RowVersion'. Use the new keyword if hiding was intended. [C:\Users\ahmed\source\repos\DafterProApi\StoreManagement\StoreManagement.Shared\StoreManagement.Shared.csproj]
C:\Users\ahmed\source\repos\DafterProApi\StoreManagement\StoreManagement.Shared\Entities\Finance\CashTransaction.cs(46,20): warning CS0108: 'CashTransaction.RowVersion' hides inherited member 'BaseEntity.RowVersion'. Use the new keyword if hiding was intended. [C:\Users\ahmed\source\repos\DafterProApi\StoreManagement\StoreManagement.Shared\StoreManagement.Shared.csproj]
C:\Users\ahmed\source\repos\DafterProApi\StoreManagement\StoreManagement.Shared\Entities\Finance\CustomerReceipt.cs(38,20): warning CS0108: 'CustomerReceipt.RowVersion' hides inherited member 'BaseEntity.RowVersion'. Use the new keyword if hiding was intended. [C:\Users\ahmed\source\repos\DafterProApi\StoreManagement\StoreManagement.Shared\StoreManagement.Shared.csproj]
C:\Users\ahmed\source\repos\DafterProApi\StoreManagement\StoreManagement.Shared\Entities\Finance\SupplierPayment.cs(38,20): warning CS0108: 'SupplierPayment.RowVersion' hides inherited member 'BaseEntity.RowVersion'. Use the new keyword if hiding was intended. [C:\Users\ahmed\source\repos\DafterProApi\StoreManagement\StoreManagement.Shared\StoreManagement.Shared.csproj]
C:\Users\ahmed\source\repos\DafterProApi\StoreManagement\StoreManagement.Data\Migrations\20260318232240_edit.cs(9,26): warning CS8981: The type name 'edit' only contains lower-cased ascii characters. Such names may become reserved for the language. [C:\Users\ahmed\source\repos\DafterProApi\StoreManagement\StoreManagement.Data\StoreManagement.Data.csproj]
C:\Users\ahmed\source\repos\DafterProApi\StoreManagement\StoreManagement.Data\Migrations\20260318232240_edit.Designer.cs(16,19): warning CS8981: The type name 'edit' only contains lower-cased ascii characters. Such names may become reserved for the language. [C:\Users\ahmed\source\repos\DafterProApi\StoreManagement\StoreManagement.Data\StoreManagement.Data.csproj]
C:\Users\ahmed\source\repos\DafterProApi\StoreManagement\StoreManagement.Data\Migrations\20260403065013_editinvoce.cs(9,26): warning CS8981: The type name 'editinvoce' only contains lower-cased ascii characters. Such names may become reserved for the language. [C:\Users\ahmed\source\repos\DafterProApi\StoreManagement\StoreManagement.Data\StoreManagement.Data.csproj]
C:\Users\ahmed\source\repos\DafterProApi\StoreManagement\StoreManagement.Data\Migrations\20260403065013_editinvoce.Designer.cs(16,19): warning CS8981: The type name 'editinvoce' only contains lower-cased ascii characters. Such names may become reserved for the language. [C:\Users\ahmed\source\repos\DafterProApi\StoreManagement\StoreManagement.Data\StoreManagement.Data.csproj]
C:\Users\ahmed\source\repos\DafterProApi\StoreManagement\StoreManagement.Infrastructure\Services\FinanceService.cs(96,32): warning CS8602: Dereference of a possibly null reference. [C:\Users\ahmed\source\repos\DafterProApi\StoreManagement\StoreManagement.Infrastructure\StoreManagement.Infrastructure.csproj]
C:\Users\ahmed\source\repos\DafterProApi\StoreManagement\StoreManagement.Infrastructure\Services\FinanceService.cs(102,32): warning CS8602: Dereference of a possibly null reference. [C:\Users\ahmed\source\repos\DafterProApi\StoreManagement\StoreManagement.Infrastructure\StoreManagement.Infrastructure.csproj]
C:\Users\ahmed\source\repos\DafterProApi\StoreManagement\StoreManagement.Infrastructure\Services\FinanceService.cs(107,32): warning CS8602: Dereference of a possibly null reference. [C:\Users\ahmed\source\repos\DafterProApi\StoreManagement\StoreManagement.Infrastructure\StoreManagement.Infrastructure.csproj]
C:\Users\ahmed\source\repos\DafterProApi\StoreManagement\StoreManagement.Infrastructure\Services\FinanceService.cs(193,32): warning CS8602: Dereference of a possibly null reference. [C:\Users\ahmed\source\repos\DafterProApi\StoreManagement\StoreManagement.Infrastructure\StoreManagement.Infrastructure.csproj]
C:\Users\ahmed\source\repos\DafterProApi\StoreManagement\StoreManagement.Infrastructure\Services\FinanceService.cs(199,32): warning CS8602: Dereference of a possibly null reference. [C:\Users\ahmed\source\repos\DafterProApi\StoreManagement\StoreManagement.Infrastructure\StoreManagement.Infrastructure.csproj]
C:\Users\ahmed\source\repos\DafterProApi\StoreManagement\StoreManagement.Infrastructure\Services\FinanceService.cs(204,32): warning CS8602: Dereference of a possibly null reference. [C:\Users\ahmed\source\repos\DafterProApi\StoreManagement\StoreManagement.Infrastructure\StoreManagement.Infrastructure.csproj]
C:\Users\ahmed\source\repos\DafterProApi\StoreManagement\StoreManagement.Infrastructure\Services\FinanceService.cs(326,32): warning CS8602: Dereference of a possibly null reference. [C:\Users\ahmed\source\repos\DafterProApi\StoreManagement\StoreManagement.Infrastructure\StoreManagement.Infrastructure.csproj]
C:\Users\ahmed\source\repos\DafterProApi\StoreManagement\StoreManagement.Infrastructure\Services\FinanceService.cs(330,32): warning CS8602: Dereference of a possibly null reference. [C:\Users\ahmed\source\repos\DafterProApi\StoreManagement\StoreManagement.Infrastructure\StoreManagement.Infrastructure.csproj]
C:\Users\ahmed\source\repos\DafterProApi\StoreManagement\StoreManagement.Infrastructure\Services\FinanceService.cs(335,32): warning CS8602: Dereference of a possibly null reference. [C:\Users\ahmed\source\repos\DafterProApi\StoreManagement\StoreManagement.Infrastructure\StoreManagement.Infrastructure.csproj]
C:\Users\ahmed\source\repos\DafterProApi\StoreManagement\StoreManagement.Infrastructure\Services\FinanceService.cs(398,32): warning CS8602: Dereference of a possibly null reference. [C:\Users\ahmed\source\repos\DafterProApi\StoreManagement\StoreManagement.Infrastructure\StoreManagement.Infrastructure.csproj]
C:\Users\ahmed\source\repos\DafterProApi\StoreManagement\StoreManagement.Infrastructure\Services\FinanceService.cs(402,32): warning CS8602: Dereference of a possibly null reference. [C:\Users\ahmed\source\repos\DafterProApi\StoreManagement\StoreManagement.Infrastructure\StoreManagement.Infrastructure.csproj]
C:\Users\ahmed\source\repos\DafterProApi\StoreManagement\StoreManagement.Infrastructure\Services\FinanceService.cs(407,32): warning CS8602: Dereference of a possibly null reference. [C:\Users\ahmed\source\repos\DafterProApi\StoreManagement\StoreManagement.Infrastructure\StoreManagement.Infrastructure.csproj]
C:\Users\ahmed\source\repos\DafterProApi\StoreManagement\StoreManagement.Infrastructure\Services\FinanceService.cs(474,32): warning CS8602: Dereference of a possibly null reference. [C:\Users\ahmed\source\repos\DafterProApi\StoreManagement\StoreManagement.Infrastructure\StoreManagement.Infrastructure.csproj]
C:\Users\ahmed\source\repos\DafterProApi\StoreManagement\StoreManagement.Infrastructure\Services\FinanceService.cs(480,32): warning CS8602: Dereference of a possibly null reference. [C:\Users\ahmed\source\repos\DafterProApi\StoreManagement\StoreManagement.Infrastructure\StoreManagement.Infrastructure.csproj]
C:\Users\ahmed\source\repos\DafterProApi\StoreManagement\StoreManagement.Infrastructure\Services\FinanceService.cs(485,32): warning CS8602: Dereference of a possibly null reference. [C:\Users\ahmed\source\repos\DafterProApi\StoreManagement\StoreManagement.Infrastructure\StoreManagement.Infrastructure.csproj]
C:\Users\ahmed\source\repos\DafterProApi\StoreManagement\StoreManagement.Infrastructure\Services\FinanceService.cs(567,32): warning CS8602: Dereference of a possibly null reference. [C:\Users\ahmed\source\repos\DafterProApi\StoreManagement\StoreManagement.Infrastructure\StoreManagement.Infrastructure.csproj]
C:\Users\ahmed\source\repos\DafterProApi\StoreManagement\StoreManagement.Infrastructure\Services\FinanceService.cs(573,32): warning CS8602: Dereference of a possibly null reference. [C:\Users\ahmed\source\repos\DafterProApi\StoreManagement\StoreManagement.Infrastructure\StoreManagement.Infrastructure.csproj]
C:\Users\ahmed\source\repos\DafterProApi\StoreManagement\StoreManagement.Infrastructure\Services\FinanceService.cs(578,32): warning CS8602: Dereference of a possibly null reference. [C:\Users\ahmed\source\repos\DafterProApi\StoreManagement\StoreManagement.Infrastructure\StoreManagement.Infrastructure.csproj]
C:\Users\ahmed\source\repos\DafterProApi\StoreManagement\StoreManagement.Infrastructure\Services\FinanceService.cs(762,32): warning CS8602: Dereference of a possibly null reference. [C:\Users\ahmed\source\repos\DafterProApi\StoreManagement\StoreManagement.Infrastructure\StoreManagement.Infrastructure.csproj]
C:\Users\ahmed\source\repos\DafterProApi\StoreManagement\StoreManagement.Infrastructure\Services\FinanceService.cs(766,32): warning CS8602: Dereference of a possibly null reference. [C:\Users\ahmed\source\repos\DafterProApi\StoreManagement\StoreManagement.Infrastructure\StoreManagement.Infrastructure.csproj]
C:\Users\ahmed\source\repos\DafterProApi\StoreManagement\StoreManagement.Infrastructure\Services\FinanceService.cs(771,32): warning CS8602: Dereference of a possibly null reference. [C:\Users\ahmed\source\repos\DafterProApi\StoreManagement\StoreManagement.Infrastructure\StoreManagement.Infrastructure.csproj]
    29 Warning(s)
    0 Error(s)

Time Elapsed 00:00:04.92
